Page 1           Source Listing                  WAVE_GLWICE
2017-04-04 20:16                                 wave_glwice.f

      1 C/ ------------------------------------------------------------------- /
      2       PROGRAM WAVE_GLWICE
      3 C/
      4 C$$$  MAIN PROGRAM DOCUMENTATION BLOCK
      5 C ABSTRACT: CONVERT ICE CONCENTRATION DATA FOR GREAT LAKES WAVE MODEL
      6 C   INPUT, EXPECTS INPUT DATA ON GRIB-LIKE SEQUENTIAL STRUCTURE
      7 C
      8 C WARNING: THIS VERSION EXPECTS WAVE AND ICE TO BE IN IDENTICAL GRIDS
      9 C                .      .    .                                       .
     10 C PROGRAM HISTORY LOG:
     11 C   98-10-28  H.L. TOLMAN ORIGINATION, FOR PROCESSING AVN WINDS
     12 C   04-07-01  J.H.ALVES   FULL REBUILD TO HANDLE ICE GRIB FILES
     13 C   04-07-23  D. CAO      EXTRACT ICE CONCENTRATION  
     14 C   14-10-13  JH ALVES    USE CLIMATOLOGY AND NIC ICE DATA
     15 C
     16 C USAGE:
     17 C   INPUT FILES:
     18 C     UNIT 11  - READ ICE model land-sea mask data (maski)   
     19 C     UNIT 12  - READ ICE concentrations from eice file 
     20 C     UNIT 13  - READ GRL model land-sea mask data (maskw) 
     21 C
     22 C   OUTPUT FILES: 
     23 C     UNIT 51  - OUTPUT FILE WITH UNFORMATTED ICE CONCENTRATIONS
     24 C     UNIT 51  - OUTPUT FILE WITH FORMATTED ICE CONCENTRATIONS
     25 C
     26 C   WORK   FILES: 
     27 C     UNIT 84  - REPORT FILE FOR CHECKING ICE CONCENTRATIONS
     28 C
     29 C   SUBPROGRAMS CALLED: (LIST ALL CALLED FROM ANYWHERE IN CODES)
     30 C     UNIQUE:    - TICK21 IYMD21 MYMD21 DSEC21 CONVRT
     31 C     LIBRARY:
     32 C       W3LIB    - W3TAGB W3TAGE
     33 C       SPLIB    - SPTEZV SPTEZ
     34 C
     35 C   EXIT STATES:
     36 C     COND =   0 - SUCCESSFUL RUN
     37 C          =   N - ABORT, SEE DIAGNOSTIC OUTPUT
     38 C
     39 C REMARKS: THIS PROGRAM MUST BE CONSISTENT WITH THE SHELL SCRIPT
     40 C          EXWAVEGLW_PREP
     41 C        - INTERVAL BETWEEN ICE FIELDS HADWIRED AT 1 OR 3 HOURS 
     42 C          TRANSITION FROM 1 TO 3 HR DEFINED BY STDIN (TTIME13)
     43 C
     44 C ATTRIBUTES:
     45 C   LANGUAGE: FORTRAN 77
     46 C/
     47 C/                  +-----------------------------------+
     48 C/                  | WAVEWATCH-III            NOAA/NMC |
     49 C/                  |           H TOLMAN                |
     50 C/                  |           D CAO                   |
     51 C/                  |           J. H. Alves             |
     52 C/                  |                        FORTRAN 77 |
     53 C/                  | Last update :         13-Oct-2014 |
     54 C/                  +-----------------------------------+
     55 C/
     56 C  1. Purpose :
     57 C

Page 2           Source Listing                  WAVE_GLWICE
2017-04-04 20:16                                 wave_glwice.f

     58 C     Create ICE file using ASCII extracted data from ICE DATA files.
     59 C
     60 C  2. Method :
     61 C
     62 C     ICEC read from unit 12, fields written to
     63 C     unit 51, time range obtained from standard input.
     64 C
     65 C
     66 C  3. Parameters :
     67 C
     68 C     Variables set in parameter statements.
     69 C     ----------------------------------------------------------------
     70 C       IDIML   Int.  Dimension of regular lat. grid of ICE model.
     71 C       JDIML   Int.  Dimension of regular long. grid of ICE model.
     72 C     ----------------------------------------------------------------
     73 C
     74 C  4. Subroutines used :
     75 C
     76 C  5. Called by :
     77 C
     78 C       None (main program).
     79 C
     80 C  6. Error messages :
     81 C
     82 C       Check on time and array dimensions.
     83 C
     84 C  7. Remarks :
     85 C
     86 C  8. Structure :
     87 C
     88 C       See source code.
     89 C
     90 C  9. Switches :
     91 C
     92 C       None.
     93 C
     94 C 10. Source code :
     95 C
     96 C ----------------------------------------------------------------------
     97 C
     98 C
     99 C Declarations
    100 C
    101       INTEGER         IDIML, JDIML, IJDIML
    102 C      ICE model demension size   *
    103       PARAMETER     ( IDIML  =   468, JDIML  =   688    )
    104       PARAMETER     ( IJDIML = IDIML*JDIML)
    105 C      Wave model demension size
    106       PARAMETER     ( IWAVE  =   468, JWAVE  =   688    )
    107       PARAMETER     ( IJWAVE = IWAVE*JWAVE)
    108 C     ICE model domain 
    109       PARAMETER   (ICELAT1=25.0625,ICELAT2=52.9375)
    110       PARAMETER   (ICELON1=235.0625,ICELON2=292.9375)
    111       PARAMETER   (DICE=0.125)
    112 C     Wave model boundary limit and space step 
    113       PARAMETER   (GRLLAT1=41.1675,GRLLAT2=49.34)
    114       PARAMETER   (GRLLON1=267.28,GRLLON2=284.455)

Page 3           Source Listing                  WAVE_GLWICE
2017-04-04 20:16                                 wave_glwice.f

    115       PARAMETER   (DLATGRL=0.0175,DLONGRL=0.025)
    116 C     Define variables and arrays of ICE model 
    117       INTEGER    IDATE, IY, IM, ID, IS, IFT,
    118      &           NM, IMAX, JMAX, I, J, TTIME13,
    119      &           TIME(2), TEND(2), TTST(2), IJMAX
    120       REAL       FHOUR, FDSEC, FHOURICE
    121       INTEGER    ICE(IJDIML)
    122       real       FICE(IJDIML)
    123       REAL       UU(IJDIML), VV(IJDIML),T1(IJDIML),SST1(IJDIML)
    124       REAL       USIG, U10, UMIN, UMAX, TMIN, TMAX
    125       CHARACTER  NAMEI*15, NAMEO*15, TID*10
    126 
    127 C     Define the variables to interploate the ice data 
    128       integer    maski(JDIML,IDIML),maskw(JWAVE,IWAVE)
    129       real       raw(JDIML,IDIML),new(JWAVE,IWAVE),fnew(IJWAVE)
    130       logical    flg(JWAVE,IWAVE)
    131 
    132 C 0.0  Load the land-sea mask data  
    133 C     Read ICE model land-sea mask
    134        open (11, file='mask.ice')
    135           do ii=1,IDIML
    136           do ij=1,JDIML
    137             read(11,*) maski(ij,ii)
    138          enddo
    139          enddo
    140       close(11)
    141 
    142 C     Read GRL model land-sea mask
    143         open (13, file='mask.ww3')
    144           do ii=1,IWAVE
    145             read(13,*) (maskw(ij,ii),ij=1,JWAVE)
    146          enddo
    147       close(13)
    148 
    149 C 1.  Initializations -------------------------------------------------
    150 C 1.a DATA statements
    151 C
    152       DATA         DTTST  / 21600.  /
    153 C
    154 C 1.b Parameters
    155 C
    156       IMAX   = IDIML
    157       JMAX   = JDIML
    158       IJMAX  = IMAX * JMAX
    159 C
    160 C 1.c Time range
    161 C
    162       WRITE (*,900)
    163 C 
    164       READ (*,*) TIME, TEND, TTIME13
    165 
    166       WRITE (*,901) TIME(1), TIME(2)/10000, TEND(1), TEND(2)/10000
    167       WRITE (*,902) TTIME13
    168 C
    169 C 1.d File info
    170 C
    171       NAMEO  = 'ice.new'

Page 4           Source Listing                  WAVE_GLWICE
2017-04-04 20:16                                 wave_glwice.f

    172       OPEN (51,FILE=NAMEO,FORM='UNFORMATTED')
    173       REWIND (51)
    174 C
    175 C 2.  Loop over files ==================================================
    176 C
    177   200 CONTINUE
    178 C
    179 C 2.a Open file
    180 C
    181       NAMEI  = 'eice.yyyymmddhh'
    182       WRITE (TID,'(I8.8,I2.2)') TIME(1), TIME(2)/10000
    183       NAMEI(6:15) = TID
    184       OPEN (12,FILE=NAMEI)
    185       REWIND (12)
    186 C
    187       WRITE (*,920) NAMEI, NAMEO
    188 C
    189 C
    190 C 2.b Read header data
    191 C
    192       READ(12,*,END=800,ERR=801,IOSTAT=IERR) IDATE, FHOUR
    193       READ(12,*) IDIMLN, JDIMLN
    194 C
    195       IFT    = FHOUR
    196 C
    197       IY     = IDATE/1000000
    198       IF ( IY .LT. 100 ) IY = IY + 1900
    199       IM     = IDATE / 10000 - IY * 100
    200       ID     = IDATE / 100 - ( IY * 10000 + IM * 100 ) 
    201       IH     = IDATE - ( IY * 1000000 + IM * 10000 + ID * 100 ) 
    202 C
    203       TTST(1) = IDATE/100
    204       TTST(2) = ( IDATE - TTST(1)*100 ) * 10000
    205       FHOURICE =0.
    206       FDSEC   = FHOURICE * 3600.
    207       CALL TICK21 ( TTST , FDSEC )
    208 C
    209       WRITE (*,922) IY, IM, ID, IH, IFT, TTST(1), TTST(2)/100
    210 C
    211       IF ( TIME(1).NE.TTST(1) .OR. TIME(2).NE.TTST(2) ) GOTO 810
    212 C
    213 C 3. Read WIND, Air Temp and SFC Temp data
    214 C
    215 C
    216       READ  (12,*,ERR=750) (ICE(I),I=1,IJDIML)
    217 C
    218       UMIN   = 100.
    219       UMAX   =   0.
    220       TMIN   = 546.
    221       TMAX   =   0.
    222 C
    223 C 7.  Make archive file -----------------------------------------------
    224 C
    225       WRITE (51) TIME
    226       DO I=1,IJDIML
    227 C Scale down to value between 0 and 1
    228        FICE(I)=ICE(I)*0.1

Page 5           Source Listing                  WAVE_GLWICE
2017-04-04 20:16                                 wave_glwice.f

    229 C Maximum ice concentration is 1, any larger number flags undefined
    230        IF (ICE(I).GT.1.) ICE(I)=0.
    231       ENDDO
    232 C     Convert the ice data into gridded one    
    233       do ii=1,IDIML
    234         do ij=1,JDIML
    235           icelen=ij+(ii-1)*jdiml
    236           raw(ij,ii)=max(0.,fice(icelen))
    237           new(ij,ii)=raw(ij,ii)
    238         enddo
    239       enddo
    240 
    241          open(84,file='report1.txt')
    242          write(84,*)TIME
    243          do ii=1,IDIML 
    244          write(84,1444) (raw(ij,ii),ij=1,JDIML)
    245          enddo 
    246          close(84)
    247  1444    format(1x,464f7.3)
    248 
    249 C   ice data modification 
    250 C   Model domain and its resolution
    251          x0     =  GRLLON1 
    252          y0     =  GRLLAT1 
    253          dx     =  DLONGRL  
    254          dy     =  DLATGRL
    255 CC ICE model domain and its resolution
    256          xi0    =  ICELON1 
    257          yi0    =  ICELAT1 
    258          dix    =  DICE 
    259          diy    =  DICE
    260 C
    261          modx=JWAVE 
    262          mody=IWAVE
    263 C
    264         do ix=4,modx-3
    265         do iy=4,mody-3
    266 c new GRL mask: 1=ocean  0=land 
    267           if ( maskw(ix,iy) .eq. 1) then
    268             nearland=0
    269             do iix=ix-3,ix+3
    270             do iiy=iy-3,iy+3
    271               if (maskw(iix,iiy).eq.0) then
    272 c This point is close to land
    273                 nearland=1
    274               endif
    275              enddo
    276              enddo
    277 
    278              if (nearland .eq. 1) then
    279                vmaxice=-1.
    280                do iix=ix-3,ix+3
    281                do iiy=iy-3,iy+3
    282                      vmaxice=max(vmaxice,raw(iix,iiy))
    283                enddo
    284                enddo
    285 

Page 6           Source Listing                  WAVE_GLWICE
2017-04-04 20:16                                 wave_glwice.f

    286               new(ix,iy)=vmaxice
    287  
    288              endif
    289 
    290          endif
    291 
    292         enddo
    293         enddo
    294 
    295 C Second sweep to get rid of isolated near-land pools
    296         do iy=3,mody-2
    297         do ix=3,modx-2
    298 c new GRL mask: 1=ocean  0=land 
    299           if ( maskw(ix,iy) .eq. 1) then
    300             nearland=0
    301             do iix=ix-2,ix+2
    302             do iiy=iy-2,iy+2
    303               if (maskw(iix,iiy).eq.0) then
    304 c This point is close to land
    305                 nearland=1
    306               endif
    307              enddo
    308              enddo
    309 
    310              if (nearland .eq. 1) then
    311                vmaxice=-1.
    312                do iix=ix-2,ix+2
    313                do iiy=iy-2,iy+2
    314                      vmaxice=max(vmaxice,new(iix,iiy))
    315                enddo
    316                enddo
    317 
    318               new(ix,iy)=vmaxice
    319 
    320              endif
    321 
    322          endif
    323 
    324         enddo
    325         enddo
    326 
    327 C  Convert the gridded GRL ice data into sequence data
    328         do ii=1,IWAVE
    329         do ij=1,JWAVE
    330           icelen=ij+(ii-1)*jwave
    331           fnew(icelen)=new(ij,ii)
    332         enddo
    333         enddo
    334     
    335       WRITE (51) (fnew(I),i=1,ijwave)
    336 
    337       open(52,file='fice')
    338       do I=1,IJDIML
    339        write(52,*)FNEW(I)
    340       enddo
    341 
    342   750 CONTINUE

Page 7           Source Listing                  WAVE_GLWICE
2017-04-04 20:16                                 wave_glwice.f

    343 
    344       IF (FHOUR.LT.0)THEN
    345         CALL TICK21 ( TIME, 10800. )
    346       ELSEIF (FHOUR.GE.TTIME13)THEN
    347         CALL TICK21 ( TIME, 10800. )
    348       ELSE
    349         CALL TICK21 ( TIME, 3600. )
    350       ENDIF 
    351       IF ( DSEC21(TIME,TEND) .GE. 0. ) GOTO 200
    352 C
    353 C ... End of loop over files ===========================================
    354 C
    355       WRITE (*,999)
    356       GOTO 888
    357 C
    358 C ERROR eccape locations
    359 C
    360   800 CONTINUE
    361       WRITE (*,1000) IERR
    362       CALL EXIT ( 1 )
    363 C
    364   801 CONTINUE
    365       WRITE (*,1001) IERR
    366       CALL EXIT ( 2 )
    367 C
    368   810 CONTINUE
    369       WRITE (*,1010) TIME, TTST
    370       CALL EXIT ( 10 )
    371 C
    372   888 CONTINUE
    373 C
    374 C Formats
    375 C
    376   900 FORMAT (/' EXTRACTING ICE FROM SPECTRAL FILES'/
    377      &         ' ========================================='/)
    378   901 FORMAT ( '     STARTING TIME : ',I8.8,I3.2,'Z'/
    379      &         '     ENDING TIME   : ',I8.8,I3.2,'Z'/)
    380   902 FORMAT ( '     FROM 1 TO 3 HR: ',I4,'H FCST'/)
    381 C
    382   920 FORMAT ( ' ==> FILE ',A,' (',A,') STARTING')
    383   922 FORMAT ( '     TIME :',I5.4,3I3.2,'  FORECAST HOUR :',I3.2,
    384      &         '  (',I8.8,I5.4,')')
    385   928 FORMAT ( '     FIELDS TRANSFERRED TO LL GRID'/
    386      &         '     U RANGE : ',2F7.2,'     T RANGE : ',2F7.2)
    387   950 FORMAT ( '        *** SKIPPING TIME *** ')
    388 C
    389   970 FORMAT (/' TEST OUTPUT : ',A/)
    390   971 FORMAT ( 1X,I5,1X,120I1)
    391   972 FORMAT ( 1X,5X,1X,120I1)
    392 C
    393   999 FORMAT (/' END OF PROGRAM '/
    394      &         ' =============='/)
    395 C
    396  1000 FORMAT (/' *** ERROR ***'/
    397      &         '     PREMATURE END OF INPUT FILE'/
    398      &         '     IOSTAT= ',I6/)
    399 C

Page 8           Source Listing                  WAVE_GLWICE
2017-04-04 20:16                                 wave_glwice.f

    400  1001 FORMAT (/' *** ERROR ***'/
    401      &         '     READ ERROR IN INPUT FILE'/
    402      &         '     IOSTAT= ',I6/)
    403 C
    404  1010 FORMAT (/' *** ERROR ***'/
    405      &         '     UNEXPECTED TIME IN FILE '/
    406      &         '     FROM FILE : ',I8.8,I7.6/
    407      &         '     SHOULD BE : ',I8.8,I7.6/)
    408 C
    409 C End of WAVE_GLWICE  -------------------------------------------------------
    410 C
    411       END


ENTRY POINTS

  Name              
                    
 MAIN__             


SYMBOL CROSS REFERENCE

 Name                       Object Declared Type            Bytes Dimen Elements Attributes       References                        
                                                                                                                                    
 1000                       Label  396                                                            361                               
 1001                       Label  400                                                            365                               
 1010                       Label  404                                                            369                               
 1444                       Label  247                                                            244                               
 200                        Label  177                                                            351                               
 750                        Label  342                                                            216                               
 800                        Label  360                                                            192                               
 801                        Label  364                                                            192                               
 810                        Label  368                                                            211                               
 888                        Label  372                                                            356                               
 900                        Label  376                                                            162                               
 901                        Label  378                                                            166                               
 902                        Label  380                                                            167                               
 920                        Label  382                                                            187                               
 922                        Label  383                                                            209                               
 928                        Label  385                                                                                              
 950                        Label  387                                                                                              
 970                        Label  389                                                                                              
 971                        Label  390                                                                                              
 972                        Label  391                                                                                              
 999                        Label  393                                                            355                               
 DICE                       Param  111      R(4)            4           scalar                    258,259                           
 DIX                        Local  258      R(4)            4           scalar                    258                               
 DIY                        Local  259      R(4)            4           scalar                    259                               
 DLATGRL                    Param  115      R(4)            4           scalar                    254                               
 DLONGRL                    Param  115      R(4)            4           scalar                    253                               
 DSEC21                     Func   351      R(4)            4           scalar                    351                               
 DTTST                      Local  152      R(4)            4           scalar                    152                               
 DX                         Local  253      R(4)            4           scalar                    253                               
 DY                         Local  254      R(4)            4           scalar                    254                               
 EXIT                       Intrin 362                                                            362,366,370                       
 FDSEC                      Local  120      R(4)            4           scalar                    206,207                           

Page 9           Source Listing                  WAVE_GLWICE
2017-04-04 20:16 Symbol Table                    wave_glwice.f

 Name                       Object Declared Type            Bytes Dimen Elements Attributes       References                        
                                                                                                                                    
 FHOUR                      Local  120      R(4)            4           scalar                    192,195,344,346                   
 FHOURICE                   Local  120      R(4)            4           scalar                    205,206                           
 FICE                       Local  122      R(4)            4     1     321984                    228,236                           
 FLG                        Local  130      L(4)            4     2     321984                                                      
 FNEW                       Local  129      R(4)            4     1     321984                    331,335,339                       
 GRLLAT1                    Param  113      R(4)            4           scalar                    252                               
 GRLLAT2                    Param  113      R(4)            4           scalar                                                      
 GRLLON1                    Param  114      R(4)            4           scalar                    251                               
 GRLLON2                    Param  114      R(4)            4           scalar                                                      
 I                          Local  118      I(4)            4           scalar                    216,226,228,230,335,338,339       
 ICE                        Local  121      I(4)            4     1     321984                    216,228,230                       
 ICELAT1                    Param  109      I(4)            4           scalar                    257                               
 ICELAT2                    Param  109      I(4)            4           scalar                                                      
 ICELEN                     Local  235      I(4)            4           scalar                    235,236,330,331                   
 ICELON1                    Param  110      I(4)            4           scalar                    256                               
 ICELON2                    Param  110      I(4)            4           scalar                                                      
 ID                         Local  117      I(4)            4           scalar                    200,201,209                       
 IDATE                      Local  117      I(4)            4           scalar                    192,197,199,200,201,203,204       
 IDIML                      Param  101      I(4)            4           scalar                    104,128,129,135,156,233,243       
 IDIMLN                     Local  193      I(4)            4           scalar                    193                               
 IERR                       Local  192      I(4)            4           scalar                    192,361,365                       
 IFT                        Local  117      I(4)            4           scalar                    195,209                           
 IH                         Local  201      I(4)            4           scalar                    201,209                           
 II                         Local  135      I(4)            4           scalar                    135,137,144,145,233,235,236,237,24
                                                                                                  3,244,328,330,331                 
 IIX                        Local  269      I(4)            4           scalar                    269,271,280,282,301,303,312,314   
 IIY                        Local  270      I(4)            4           scalar                    270,271,281,282,302,303,313,314   
 IJ                         Local  136      I(4)            4           scalar                    136,137,145,234,235,236,237,244,32
                                                                                                  9,330,331                         
 IJDIML                     Param  101      I(4)            4           scalar                    121,122,123,216,226,338           
 IJMAX                      Local  119      I(4)            4           scalar                    158                               
 IJWAVE                     Param  107      I(4)            4           scalar                    129,335                           
 IM                         Local  117      I(4)            4           scalar                    199,200,201,209                   
 IMAX                       Local  118      I(4)            4           scalar                    156,158                           
 IS                         Local  117      I(4)            4           scalar                                                      
 IWAVE                      Param  106      I(4)            4           scalar                    107,128,129,130,144,262,328       
 IX                         Local  264      I(4)            4           scalar                    264,267,269,280,286,297,299,301,31
                                                                                                  2,318                             
 IY                         Local  117      I(4)            4           scalar                    197,198,199,200,201,209,265,267,27
                                                                                                  0,281,286,296,299,302,313,318     
 J                          Local  118      I(4)            4           scalar                                                      
 JDIML                      Param  101      I(4)            4           scalar                    104,128,129,136,157,234,235,244   
 JDIMLN                     Local  193      I(4)            4           scalar                    193                               
 JMAX                       Local  118      I(4)            4           scalar                    157,158                           
 JWAVE                      Param  106      I(4)            4           scalar                    107,128,129,130,145,261,329,330   
 MASKI                      Local  128      I(4)            4     2     321984                    137                               
 MASKW                      Local  128      I(4)            4     2     321984                    145,267,271,299,303               
 MAX                        Func   236                                  scalar                    236,282,314                       
 MODX                       Local  261      I(4)            4           scalar                    261,264,297                       
 MODY                       Local  262      I(4)            4           scalar                    262,265,296                       
 NAMEI                      Local  125      CHAR            15          scalar                    181,183,184,187                   
 NAMEO                      Local  125      CHAR            15          scalar                    171,172,187                       
 NEARLAND                   Local  268      I(4)            4           scalar                    268,273,278,300,305,310           
 NEW                        Local  129      R(4)            4     2     321984                    237,286,314,318,331               
 NM                         Local  118      I(4)            4           scalar                                                      

Page 10          Source Listing                  WAVE_GLWICE
2017-04-04 20:16 Symbol Table                    wave_glwice.f

 Name                       Object Declared Type            Bytes Dimen Elements Attributes       References                        
                                                                                                                                    
 RAW                        Local  129      R(4)            4     2     321984                    236,237,244,282                   
 SST1                       Local  123      R(4)            4     1     321984                                                      
 T1                         Local  123      R(4)            4     1     321984                                                      
 TEND                       Local  119      I(4)            4     1     2                         164,166,351                       
 TICK21                     Subr   207                                                            207,345,347,349                   
 TID                        Local  125      CHAR            10          scalar                    182,183                           
 TIME                       Local  119      I(4)            4     1     2                         164,166,182,211,225,242,345,347,34
                                                                                                  9,351,369                         
 TMAX                       Local  124      R(4)            4           scalar                    221                               
 TMIN                       Local  124      R(4)            4           scalar                    220                               
 TTIME13                    Local  118      I(4)            4           scalar                    164,167,346                       
 TTST                       Local  119      I(4)            4     1     2                         203,204,207,209,211,369           
 U10                        Local  124      R(4)            4           scalar                                                      
 UMAX                       Local  124      R(4)            4           scalar                    219                               
 UMIN                       Local  124      R(4)            4           scalar                    218                               
 USIG                       Local  124      R(4)            4           scalar                                                      
 UU                         Local  123      R(4)            4     1     321984                                                      
 VMAXICE                    Local  279      R(4)            4           scalar                    279,282,286,311,314,318           
 VV                         Local  123      R(4)            4     1     321984                                                      
 WAVE_GLWICE                Prog   2                                                                                                
 X0                         Local  251      R(4)            4           scalar                    251                               
 XI0                        Local  256      R(4)            4           scalar                    256                               
 Y0                         Local  252      R(4)            4           scalar                    252                               
 YI0                        Local  257      R(4)            4           scalar                    257                               

Page 11          Source Listing                  WAVE_GLWICE
2017-04-04 20:16 Subprograms/Common Blocks       wave_glwice.f



SUBPROGRAMS/COMMON BLOCKS

 Name                       Object Declared Type            Bytes Dimen Elements Attributes       References                        
                                                                                                                                    
 WAVE_GLWICE                Prog   2                                                                                                

COMPILER OPTIONS BEING USED

       -align noall                          -align nonone
       -align nocommons                      -align nodcommons
       -align noqcommons                     -align nozcommons
       -align records                        -align nosequence
       -align norec1byte                     -align norec2byte
       -align norec4byte                     -align norec8byte
       -align norec16byte                    -align norec32byte
       -align norec64byte                    -align noarray8byte
       -align noarray16byte                  -align noarray32byte
       -align noarray64byte                  -align noarray128byte
       -align noarray256byte                 -altparam
       -assume accuracy_sensitive            -assume nobscc
       -assume nobuffered_io                 -assume nobuffered_stdout
       -assume byterecl                      -assume nocc_omp
       -assume nocstring                     -assume nodummy_aliases
       -assume nofpe_summary                 -assume noieee_fpe_flags
       -assume nominus0                      -assume noold_boz
       -assume old_complex_align             -assume old_unit_star
       -assume old_ldout_format              -assume noold_logical_ldio
       -assume old_maxminloc                 -assume old_xor
       -assume protect_constants             -assume noprotect_parens
       -assume split_common                  -assume source_include
       -assume nostd_intent_in               -assume std_minus0_rounding
       -assume nostd_mod_proc_name           -assume std_value
       -assume norealloc_lhs                 -assume underscore
       -assume no2underscores                -auto
  no   -auto_scalar                     no   -bintext
       -ccdefault default                    -check noargs
       -check noarg_temp_created             -check noassume
       -check nobounds                       -check noformat
       -check nooutput_conversion            -check nooverflow
       -check nopointers                     -check power
       -check noshape                        -check nostack
       -check nounderflow                    -check nouninitialized
       -coarray-num-procs 0             no   -coarray-config-file
       -convert big_endian                   -cross_reference
       -D __INTEL_COMPILER=1500              -D __INTEL_COMPILER_UPDATE=3
       -D __unix__                           -D __unix
       -D __linux__                          -D __linux
       -D __gnu_linux__                      -D unix
       -D linux                              -D __ELF__
       -D __x86_64                           -D __x86_64__
       -D __amd64                            -D __amd64__
       -D _MT                                -D __INTEL_COMPILER_BUILD_DATE=20150407
       -D __INTEL_OFFLOAD                    -D __pentium4
       -D __pentium4__                       -D __tune_pentium4__
       -D __SSE2__                           -D __SSE2_MATH__

Page 12          Source Listing                  WAVE_GLWICE
2017-04-04 20:16                                 wave_glwice.f

       -D __SSE3__                           -D __SSSE3__
       -D __SSE4_1__                         -D __SSE4_2__
       -D __SSE__                            -D __SSE_MATH__
       -D __MMX__                            -D __AVX__
       -D __AVX_I__                          -D __AVX2__
       -D __CRAYXC                           -D __CRAY_HASWELL
       -D __CRAYXT_COMPUTE_LINUX_TARGET       -double_size 64
  no   -d_lines                         no   -Qdyncom
       -error_limit 30                  no   -f66
  no   -f77rtl                          no   -fast
       -fpscomp nofilesfromcmd               -fpscomp nogeneral
       -fpscomp noioformat                   -fpscomp noldio_spacing
       -fpscomp nologicals                   -fixed
  no   -fpconstant                           -fpe3
       -fprm nearest                    no   -ftz
       -fp_model noprecise                   -fp_model fast
       -fp_model nostrict                    -fp_model nosource
       -fp_model nodouble                    -fp_model noextended
       -fp_model novery_fast                 -fp_model noexcept
       -fp_model nono_except                 -heap_arrays 0
  no   -threadprivate_compat                 -g0
       -iface nomixed_str_len_arg            -iface nono_mixed_str_len_arg
       -init noarrays                        -init noinf
       -init nonan                           -init nosnan
       -init nozero                     no   -intconstant
       -integer_size 32                 no   -mixed_str_len_arg
  no   -module                               -names lowercase
  no   -noinclude                            -offload-build=host
       -O2                              no   -pad_source
       -real_size 32                    no   -recursive
       -reentrancy none                 no   -sharable_localsaves
       -vec=simd                             -show noinclude
       -show map                             -show options
  no   -syntax_only                     no   -threadcom
  no   -U                               no   -vms
       -w noall                              -w nonone
       -w alignments                         -w noargument_checking
       -w nodeclarations                     -w general
       -w noignore_bounds                    -w noignore_loc
       -w nointerfaces                       -w notruncated_source
       -w uncalled                           -w uninitialized
       -w nounused                           -w usage
  no   -wrap-margins

       -includepath : /opt/cray/rca/1.0.0-2.0502.57212.2.56.ari/include/,/opt/cray/ugni/6.0-1.0502.10245.9.9.ari/include/,
           /opt/intel/composer_xe_2015.3.187/ipp/include/,/usr/local/include/,.f90,./.f90,/opt/cray/iobuf/2.0.5/include/.f90,
           /opt/cray/mpt/7.2.0/gni/mpich2-intel/140/include/.f90,/opt/cray/libsci/13.0.3/INTEL/140/x86_64/include/.f90,
           /opt/cray/rca/1.0.0-2.0502.57212.2.56.ari/include/.f90,/opt/cray/alps/5.2.3-2.0502.9295.14.14.ari/include/.f90,
           /opt/cray/xpmem/0.1-2.0502.57015.1.15.ari/include/.f90,/opt/cray/gni-headers/4.0-1.0502.10317.9.2.ari/include/.f90,
           /opt/cray/pmi/5.0.6-1.0000.10439.140.2.ari/include/.f90,/opt/cray/ugni/6.0-1.0502.10245.9.9.ari/include/.f90,
           /opt/cray/udreg/2.3.2-1.0502.9889.2.20.ari/include/.f90,/opt/cray/wlm_detect/1.0-1.0502.57063.1.1.ari/include/.f90,
           /opt/cray/krca/1.0.0-2.0502.57202.2.45.ari/include/.f90,/opt/cray-hss-devel/7.2.0/include/.f90,/opt/intel/composer_xe_2015.3.187/ipp/include/.f90,
           /opt/intel/composer_xe_2015.3.187/mkl/include/.f90,/opt/intel/composer_xe_2015.3.187/tbb/include/.f90,
           /opt/intel/composer_xe_2015.3.187/compiler/include/intel64/.f90,/opt/intel/composer_xe_2015.3.187/compiler/include/.f90,
           /usr/local/include/.f90,/usr/lib64/gcc/x86_64-suse-linux/4.3/include/.f90,/usr/lib64/gcc/x86_64-suse-linux/4.3/include-fixed/.f90,
           /usr/include/.f90,/usr/include/.f90,/usr/include/.f90
       -list filename : wave_glwice.lst

Page 13          Source Listing                  WAVE_GLWICE
2017-04-04 20:16                                 wave_glwice.f

       -o    filename : none

COMPILER: Intel(R) Fortran 15.0-1812
